// Jest Snapshot v1, https://goo.gl/fbAQLP

exports[`should render expense list item correctly 1`] = `
<div>
  <Link
    replace={false}
    to="/edit/2"
  >
    <h3>
      Description: 
      Groceries
    </h3>
  </Link>
  <p>
    Amount: 
    $100.00
    - Date: 
    December 27th, 1969
  </p>
  <i>
    Note: 
    N/A
  </i>
</div>
`;
